
[1m[7m[36m RUN [39m[27m[22m [36mv2.1.9 [39m[90mD:/Done,Toreview/ERP_Web[39m

 [31mΓ¥»[39m src/services/EnrollmentService.test.ts [2m([22m[2m2 tests[22m[2m | [22m[31m1 failed[39m[2m)[22m[90m 20[2mms[22m[39m
[31m   [31m├ù[31m EnrollmentService[2m > [22menrollInSection[2m > [22mshould enroll if there is a seat and no conflicts[90m 12[2mms[22m[31m[39m
[31m     ΓåÆ this.toSchedule is not a function[39m

node.exe : [31mΓÄ»ΓÄ
»ΓÄ»ΓÄ»ΓÄ»ΓÄ»ΓÄ»[1m
[7m Failed Tests 1 [
27m[22mΓÄ»ΓÄ»ΓÄ»ΓÄ»Γ
Ä»ΓÄ»ΓÄ»[39m
At line:1 char:1
+ & "C:\Program Files
\nodejs/node.exe" 
"C:\Program 
Files\nodejs/node_mo 
...
+ ~~~~~~~~~~~~~~~~~~~
~~~~~~~~~~~~~~~~~~~~~
~~~~~~~~~~~~~~~~~~~~~
~~~~~~~~
    + CategoryInfo   
           : NotSpe  
  cified: ([31mΓÄ   
 »ΓÄ»ΓÄ»Γ...»ΓÄ»Γ    
Ä»ΓÄ»[39m:Strin    
g) [], RemoteExc    
eption
    + FullyQualified 
   ErrorId : Native  
  CommandError
 

[31m[1m[7m FAIL 
[27m[22m[39m src/s
ervices/EnrollmentSer
vice.test.ts[2m > [
22mEnrollmentService
[2m > [22menrollInSe
ction[2m > 
[22mshould enroll 
if there is a seat 
and no conflicts
[31m[1mTypeError[2
2m: this.toSchedule 
is not a 
function[39m
[36m [2mΓ¥»[22m En
rollmentService.enrol
lInSection src/servic
es/EnrollmentService.
ts:[2m194:31[22m[3
9m
    [90m192| [39m  
[35masync[39m [34m
enrollInSection[39m(
studentId[33m:[39m 
string[33m,[39m 
section[33m:[39m [
33mRegistrationSectio
[39mΓÇª
    [90m193| [39m  
  [35mconst[39m 
scheduleSections 
[33m=[39m currentSe
ctions[33m.[39m[34
mmap[39m((current) 
[33m=>[39m [35mthi
s[39m[33m.[39m[34
mtoS[39mΓÇª
    [90m194| [39m  
  [35mif[39m ([35m
this[39m[33m.[39m
[34mhasConflict[39m(
[35mthis[39m[33m.
[39m[34mtoSchedule[
39m(section)[33m,[3
9m 
scheduleSections)) {
    [90m   | [39m  
                     
       [31m^[39m
    [90m195| [39m  
    [35mthrow[39m 
[35mnew[39m [33mEr
ror[39m([32m'Schedu
le or room conflict 
detected with an 
exis[39mΓÇª
    [90m196| [39m  
  }
[90m [2mΓ¥»[22m sr
c/services/Enrollment
Service.test.ts:[2m9
2:42[22m[39m

[31m[2mΓÄ»ΓÄ»ΓÄ»ΓÄ»
ΓÄ»ΓÄ»ΓÄ»ΓÄ»ΓÄ»ΓÄ»ΓÄ»
ΓÄ»ΓÄ»ΓÄ»ΓÄ»ΓÄ»ΓÄ»ΓÄ»
ΓÄ»ΓÄ»ΓÄ»ΓÄ»ΓÄ»ΓÄ»[1/
1]ΓÄ»[22m[39m

[2m Test Files [22m [1m[31m1 failed[39m[22m[90m (1)[39m
[2m      Tests [22m [1m[31m1 failed[39m[22m[2m | [22m[1m[32m1 passed[39m[22m[90m (2)[39m
[2m   Start at [22m 10:19:51
[2m   Duration [22m 6.76s[2m (transform 174ms, setup 271ms, collect 116ms, tests 20ms, environment 1.49s, prepare 184ms)[22m

